
> cnc-backend@1.0.0 build
> tsc

src/application/ubicacion/use-cases/create-canton.use-case.ts(11,38): error TS2339: Property 'create' does not exist on type 'CantonRepository'.
src/application/ubicacion/use-cases/create-parroquia.use-case.ts(11,41): error TS2339: Property 'create' does not exist on type 'ParroquiaRepository'.
src/application/ubicacion/use-cases/create-provincia.use-case.ts(11,41): error TS2339: Property 'create' does not exist on type 'ProvinciaRepository'.
