--- Starting Role CRUD Tests ---

Testing GET /rol...
Success: Retrieved 3 roles
Helpers: null

Testing POST /rol...
node : Failed to 
create role. 
Status: 404
En línea: 1 
Carácter: 1
+ node 
test-role-crud.js > 
test_output.txt 2>&1
+ ~~~~~~~~~~~~~~~~~~
~~~~~~~~~~~~~~~~~~~~
~~~~~~~
    + CategoryInfo  
            : NotS  
  pecified: (Fail   
 ed to create ro    
le. Status: 404    
:String) [], Re    
moteException
    + FullyQualifie 
   dErrorId : Nati  
  veCommandError
 
Response body: 
{"error":"Ruta no 
encontrada: POST 
/api/rol"}
Skipping Update: No created role ID
--- Tests Completed ---
